exports[`test LoginPanel renders correctly 1`] = `
<div
  style={
    Object {
      "backgroundColor": "white",
      "flex": 1,
      "flexDirection": "column",
    }
  }>
  <div
    className={undefined}
    style={
      Object {
        "WebkitTapHighlightColor": "rgba(0,0,0,0)",
        "backgroundColor": "#ffffff",
        "borderRadius": "2px",
        "boxShadow": "0 1px 6px rgba(0, 0, 0, 0.12),
               0 1px 4px rgba(0, 0, 0, 0.12)",
        "boxSizing": "border-box",
        "color": "rgba(0, 0, 0, 0.87)",
        "display": "inline-block",
        "fontFamily": "Roboto, sans-serif",
        "margin": 12,
        "minWidth": 88,
        "muiPrepared": true,
        "transition": "all 450ms cubic-bezier(0.23, 1, 0.32, 1) 0ms",
      }
    }>
    <a
      disabled={false}
      href="https://facebook.com"
      onBlur={[Function]}
      onClick={[Function]}
      onFocus={[Function]}
      onKeyDown={[Function]}
      onKeyUp={[Function]}
      onMouseDown={[Function]}
      onMouseEnter={[Function]}
      onMouseLeave={[Function]}
      onMouseUp={[Function]}
      onTouchEnd={[Function]}
      onTouchStart={[Function]}
      onTouchTap={[Function]}
      style={
        Object {
          "WebkitTapHighlightColor": "rgba(0, 0, 0, 0)",
          "backgroundColor": "#ff4081",
          "border": 10,
          "borderRadius": 2,
          "boxSizing": "border-box",
          "cursor": "pointer",
          "display": "inline-block",
          "fontFamily": "Roboto, sans-serif",
          "fontSize": "inherit",
          "fontWeight": "inherit",
          "height": 36,
          "lineHeight": "36px",
          "margin": 0,
          "muiPrepared": true,
          "outline": "none",
          "padding": 0,
          "position": "relative",
          "textAlign": "center",
          "textDecoration": "none",
          "transform": "translate(0, 0)",
          "transition": "all 450ms cubic-bezier(0.23, 1, 0.32, 1) 0ms",
          "verticalAlign": "middle",
          "width": "100%",
        }
      }
      tabIndex={0}
      target="_blank"
      type="button">
      <div
        onMouseDown={[Function]}
        onMouseLeave={[Function]}
        onMouseUp={[Function]}
        onTouchEnd={[Function]}
        onTouchStart={[Function]}>
        <div
          style={
            Object {
              "backgroundColor": false,
              "borderRadius": 2,
              "height": 36,
              "muiPrepared": true,
              "top": 0,
              "transition": "all 450ms cubic-bezier(0.23, 1, 0.32, 1) 0ms",
            }
          }>
          <span
            className="muidocs-icon-custom-facebook"
            color="#ffffff"
            onMouseEnter={[Function]}
            onMouseLeave={[Function]}
            style={
              Object {
                "color": "#ffffff",
                "display": "inline-block",
                "fontSize": 24,
                "marginLeft": 12,
                "marginRight": 0,
                "muiPrepared": true,
                "position": "relative",
                "transition": "all 450ms cubic-bezier(0.23, 1, 0.32, 1) 0ms",
                "userSelect": "none",
                "verticalAlign": "middle",
              }
            } />
          <span
            style={
              Object {
                "color": "#ffffff",
                "fontSize": 14,
                "fontWeight": 500,
                "letterSpacing": 0,
                "margin": 0,
                "muiPrepared": true,
                "opacity": 1,
                "paddingLeft": 8,
                "paddingRight": 16,
                "position": "relative",
                "textTransform": "uppercase",
                "userSelect": "none",
              }
            }>
            Facebook Login
          </span>
        </div>
      </div>
    </a>
  </div>
  <div
    className={undefined}
    style={
      Object {
        "WebkitTapHighlightColor": "rgba(0,0,0,0)",
        "backgroundColor": "#ffffff",
        "borderRadius": "2px",
        "boxShadow": "0 1px 6px rgba(0, 0, 0, 0.12),
               0 1px 4px rgba(0, 0, 0, 0.12)",
        "boxSizing": "border-box",
        "color": "rgba(0, 0, 0, 0.87)",
        "display": "inline-block",
        "fontFamily": "Roboto, sans-serif",
        "margin": 12,
        "minWidth": 88,
        "muiPrepared": true,
        "transition": "all 450ms cubic-bezier(0.23, 1, 0.32, 1) 0ms",
      }
    }>
    <a
      disabled={false}
      href="https://google.com"
      onBlur={[Function]}
      onClick={[Function]}
      onFocus={[Function]}
      onKeyDown={[Function]}
      onKeyUp={[Function]}
      onMouseDown={[Function]}
      onMouseEnter={[Function]}
      onMouseLeave={[Function]}
      onMouseUp={[Function]}
      onTouchEnd={[Function]}
      onTouchStart={[Function]}
      onTouchTap={[Function]}
      style={
        Object {
          "WebkitTapHighlightColor": "rgba(0, 0, 0, 0)",
          "backgroundColor": "#ff4081",
          "border": 10,
          "borderRadius": 2,
          "boxSizing": "border-box",
          "cursor": "pointer",
          "display": "inline-block",
          "fontFamily": "Roboto, sans-serif",
          "fontSize": "inherit",
          "fontWeight": "inherit",
          "height": 36,
          "lineHeight": "36px",
          "margin": 0,
          "muiPrepared": true,
          "outline": "none",
          "padding": 0,
          "position": "relative",
          "textAlign": "center",
          "textDecoration": "none",
          "transform": "translate(0, 0)",
          "transition": "all 450ms cubic-bezier(0.23, 1, 0.32, 1) 0ms",
          "verticalAlign": "middle",
          "width": "100%",
        }
      }
      tabIndex={0}
      target="_blank"
      type="button">
      <div
        onMouseDown={[Function]}
        onMouseLeave={[Function]}
        onMouseUp={[Function]}
        onTouchEnd={[Function]}
        onTouchStart={[Function]}>
        <div
          style={
            Object {
              "backgroundColor": false,
              "borderRadius": 2,
              "height": 36,
              "muiPrepared": true,
              "top": 0,
              "transition": "all 450ms cubic-bezier(0.23, 1, 0.32, 1) 0ms",
            }
          }>
          <span
            className="muidocs-icon-custom-google"
            color="#ffffff"
            onMouseEnter={[Function]}
            onMouseLeave={[Function]}
            style={
              Object {
                "color": "#ffffff",
                "display": "inline-block",
                "fontSize": 24,
                "marginLeft": 12,
                "marginRight": 0,
                "muiPrepared": true,
                "position": "relative",
                "transition": "all 450ms cubic-bezier(0.23, 1, 0.32, 1) 0ms",
                "userSelect": "none",
                "verticalAlign": "middle",
              }
            } />
          <span
            style={
              Object {
                "color": "#ffffff",
                "fontSize": 14,
                "fontWeight": 500,
                "letterSpacing": 0,
                "margin": 0,
                "muiPrepared": true,
                "opacity": 1,
                "paddingLeft": 8,
                "paddingRight": 16,
                "position": "relative",
                "textTransform": "uppercase",
                "userSelect": "none",
              }
            }>
            Google Login
          </span>
        </div>
      </div>
    </a>
  </div>
  <div
    className={undefined}
    style={
      Object {
        "WebkitTapHighlightColor": "rgba(0,0,0,0)",
        "backgroundColor": "#ffffff",
        "borderRadius": "2px",
        "boxShadow": "0 1px 6px rgba(0, 0, 0, 0.12),
               0 1px 4px rgba(0, 0, 0, 0.12)",
        "boxSizing": "border-box",
        "color": "rgba(0, 0, 0, 0.87)",
        "display": "inline-block",
        "fontFamily": "Roboto, sans-serif",
        "margin": 12,
        "minWidth": 88,
        "muiPrepared": true,
        "transition": "all 450ms cubic-bezier(0.23, 1, 0.32, 1) 0ms",
      }
    }>
    <a
      disabled={false}
      href="https://twitter.com"
      onBlur={[Function]}
      onClick={[Function]}
      onFocus={[Function]}
      onKeyDown={[Function]}
      onKeyUp={[Function]}
      onMouseDown={[Function]}
      onMouseEnter={[Function]}
      onMouseLeave={[Function]}
      onMouseUp={[Function]}
      onTouchEnd={[Function]}
      onTouchStart={[Function]}
      onTouchTap={[Function]}
      style={
        Object {
          "WebkitTapHighlightColor": "rgba(0, 0, 0, 0)",
          "backgroundColor": "#ff4081",
          "border": 10,
          "borderRadius": 2,
          "boxSizing": "border-box",
          "cursor": "pointer",
          "display": "inline-block",
          "fontFamily": "Roboto, sans-serif",
          "fontSize": "inherit",
          "fontWeight": "inherit",
          "height": 36,
          "lineHeight": "36px",
          "margin": 0,
          "muiPrepared": true,
          "outline": "none",
          "padding": 0,
          "position": "relative",
          "textAlign": "center",
          "textDecoration": "none",
          "transform": "translate(0, 0)",
          "transition": "all 450ms cubic-bezier(0.23, 1, 0.32, 1) 0ms",
          "verticalAlign": "middle",
          "width": "100%",
        }
      }
      tabIndex={0}
      target="_blank"
      type="button">
      <div
        onMouseDown={[Function]}
        onMouseLeave={[Function]}
        onMouseUp={[Function]}
        onTouchEnd={[Function]}
        onTouchStart={[Function]}>
        <div
          style={
            Object {
              "backgroundColor": false,
              "borderRadius": 2,
              "height": 36,
              "muiPrepared": true,
              "top": 0,
              "transition": "all 450ms cubic-bezier(0.23, 1, 0.32, 1) 0ms",
            }
          }>
          <span
            className="muidocs-icon-custom-twitter"
            color="#ffffff"
            onMouseEnter={[Function]}
            onMouseLeave={[Function]}
            style={
              Object {
                "color": "#ffffff",
                "display": "inline-block",
                "fontSize": 24,
                "marginLeft": 12,
                "marginRight": 0,
                "muiPrepared": true,
                "position": "relative",
                "transition": "all 450ms cubic-bezier(0.23, 1, 0.32, 1) 0ms",
                "userSelect": "none",
                "verticalAlign": "middle",
              }
            } />
          <span
            style={
              Object {
                "color": "#ffffff",
                "fontSize": 14,
                "fontWeight": 500,
                "letterSpacing": 0,
                "margin": 0,
                "muiPrepared": true,
                "opacity": 1,
                "paddingLeft": 8,
                "paddingRight": 16,
                "position": "relative",
                "textTransform": "uppercase",
                "userSelect": "none",
              }
            }>
            Twitter Login
          </span>
        </div>
      </div>
    </a>
  </div>
</div>
`;
